Traceback (most recent call last):
  File "/home/hightech/project21.quantumcoresoftware.com/wood_work/passenger_wsgi.py", line 20, in <module>
    application = get_wsgi_application()
  File "/home/hightech/virtualenv/project21.quantumcoresoftware.com/wood_work/3.10/lib/python3.10/site-packages/django/core/wsgi.py", line 12, in get_wsgi_application
    django.setup(set_prefix=False)
  File "/home/hightech/virtualenv/project21.quantumcoresoftware.com/wood_work/3.10/lib/python3.10/site-packages/django/__init__.py", line 19, in setup
    configure_logging(settings.LOGGING_CONFIG, settings.LOGGING)
  File "/home/hightech/virtualenv/project21.quantumcoresoftware.com/wood_work/3.10/lib/python3.10/site-packages/django/conf/__init__.py", line 81, in __getattr__
    self._setup(name)
  File "/home/hightech/virtualenv/project21.quantumcoresoftware.com/wood_work/3.10/lib/python3.10/site-packages/django/conf/__init__.py", line 68, in _setup
    self._wrapped = Settings(settings_module)
  File "/home/hightech/virtualenv/project21.quantumcoresoftware.com/wood_work/3.10/lib/python3.10/site-packages/django/conf/__init__.py", line 166, in __init__
    mod = importlib.import_module(self.SETTINGS_MODULE)
  File "/opt/alt/python310/lib64/python3.10/importlib/__init__.py", line 126, in import_module
    return _bootstrap._gcd_import(name[level:], package, level)
  File "<frozen importlib._bootstrap>", line 1050, in _gcd_import
  File "<frozen importlib._bootstrap>", line 1027, in _find_and_load
  File "<frozen importlib._bootstrap>", line 1006, in _find_and_load_unlocked
  File "<frozen importlib._bootstrap>", line 688, in _load_unlocked
  File "<frozen importlib._bootstrap_external>", line 883, in exec_module
  File "<frozen importlib._bootstrap>", line 241, in _call_with_frames_removed
  File "/home/hightech/project21.quantumcoresoftware.com/wood_work/wood_work/settings.py", line 15, in <module>
    from decouple import config
ModuleNotFoundError: No module named 'decouple'
Traceback (most recent call last):
  File "/home/hightech/project21.quantumcoresoftware.com/wood_work/passenger_wsgi.py", line 20, in <module>
    application = get_wsgi_application()
  File "/home/hightech/virtualenv/project21.quantumcoresoftware.com/wood_work/3.10/lib/python3.10/site-packages/django/core/wsgi.py", line 12, in get_wsgi_application
    django.setup(set_prefix=False)
  File "/home/hightech/virtualenv/project21.quantumcoresoftware.com/wood_work/3.10/lib/python3.10/site-packages/django/__init__.py", line 19, in setup
    configure_logging(settings.LOGGING_CONFIG, settings.LOGGING)
  File "/home/hightech/virtualenv/project21.quantumcoresoftware.com/wood_work/3.10/lib/python3.10/site-packages/django/conf/__init__.py", line 81, in __getattr__
    self._setup(name)
  File "/home/hightech/virtualenv/project21.quantumcoresoftware.com/wood_work/3.10/lib/python3.10/site-packages/django/conf/__init__.py", line 68, in _setup
    self._wrapped = Settings(settings_module)
  File "/home/hightech/virtualenv/project21.quantumcoresoftware.com/wood_work/3.10/lib/python3.10/site-packages/django/conf/__init__.py", line 166, in __init__
    mod = importlib.import_module(self.SETTINGS_MODULE)
  File "/opt/alt/python310/lib64/python3.10/importlib/__init__.py", line 126, in import_module
    return _bootstrap._gcd_import(name[level:], package, level)
  File "<frozen importlib._bootstrap>", line 1050, in _gcd_import
  File "<frozen importlib._bootstrap>", line 1027, in _find_and_load
  File "<frozen importlib._bootstrap>", line 1006, in _find_and_load_unlocked
  File "<frozen importlib._bootstrap>", line 688, in _load_unlocked
  File "<frozen importlib._bootstrap_external>", line 883, in exec_module
  File "<frozen importlib._bootstrap>", line 241, in _call_with_frames_removed
  File "/home/hightech/project21.quantumcoresoftware.com/wood_work/wood_work/settings.py", line 15, in <module>
    from decouple import config
ModuleNotFoundError: No module named 'decouple'
[UID:1788][454393] Child process with pid: 454408 was killed by signal: 15, core dumped: no
Traceback (most recent call last):
  File "/home/hightech/project21.quantumcoresoftware.com/wood_work/passenger_wsgi.py", line 20, in <module>
    application = get_wsgi_application()
  File "/home/hightech/virtualenv/project21.quantumcoresoftware.com/wood_work/3.10/lib/python3.10/site-packages/django/core/wsgi.py", line 12, in get_wsgi_application
    django.setup(set_prefix=False)
  File "/home/hightech/virtualenv/project21.quantumcoresoftware.com/wood_work/3.10/lib/python3.10/site-packages/django/__init__.py", line 19, in setup
    configure_logging(settings.LOGGING_CONFIG, settings.LOGGING)
  File "/home/hightech/virtualenv/project21.quantumcoresoftware.com/wood_work/3.10/lib/python3.10/site-packages/django/conf/__init__.py", line 81, in __getattr__
    self._setup(name)
  File "/home/hightech/virtualenv/project21.quantumcoresoftware.com/wood_work/3.10/lib/python3.10/site-packages/django/conf/__init__.py", line 68, in _setup
    self._wrapped = Settings(settings_module)
  File "/home/hightech/virtualenv/project21.quantumcoresoftware.com/wood_work/3.10/lib/python3.10/site-packages/django/conf/__init__.py", line 166, in __init__
    mod = importlib.import_module(self.SETTINGS_MODULE)
  File "/opt/alt/python310/lib64/python3.10/importlib/__init__.py", line 126, in import_module
    return _bootstrap._gcd_import(name[level:], package, level)
  File "<frozen importlib._bootstrap>", line 1050, in _gcd_import
  File "<frozen importlib._bootstrap>", line 1027, in _find_and_load
  File "<frozen importlib._bootstrap>", line 1006, in _find_and_load_unlocked
  File "<frozen importlib._bootstrap>", line 688, in _load_unlocked
  File "<frozen importlib._bootstrap_external>", line 883, in exec_module
  File "<frozen importlib._bootstrap>", line 241, in _call_with_frames_removed
  File "/home/hightech/project21.quantumcoresoftware.com/wood_work/wood_work/settings.py", line 15, in <module>
    from decouple import config
ModuleNotFoundError: No module named 'decouple'
[UID:1788][454393] Child process with pid: 454649 was killed by signal: 15, core dumped: no
Not Found: /static/css/style.css
Not Found: /static/img/walk in closet.png/static/img/walk%20in%20closet.png
Not Found: /static/css/contact.css
Not Found: /static/img/luxury-kitchen-cabinets-with-marble-countertop.png
Not Found: /static/img/minimalist-armchairs.png
Not Found: /static/img/wood legacy.png/static/img/wood%20legacy.png
Not Found: /static/img/logo.png
Not Found: /static/img/hero.png
Not Found: /static/img/hero.png
Not Found: /favicon.ico
Not Found: /static/img/logo.png
Not Found: /static/img/walk in closet.png/static/img/walk%20in%20closet.png
Not Found: /static/img/wood legacy.png/static/img/wood%20legacy.png
Not Found: /static/img/walk in closet.png/static/img/walk%20in%20closet.png
Not Found: /static/img/logo.png
Not Found: /static/img/wood legacy.png/static/img/wood%20legacy.png
Not Found: /static/img/wood legacy.png/static/img/wood%20legacy.png
Not Found: /static/img/logo.png
Not Found: /static/img/walk in closet.png/static/img/walk%20in%20closet.png
Not Found: /favicon.ico
Not Found: /static/img/walk in closet.png/static/img/walk%20in%20closet.png
Not Found: /static/img/wood legacy.png/static/img/wood%20legacy.png
Not Found: /static/img/logo.png
Not Found: /favicon.ico
Not Found: /static/img/walk in closet.png/static/img/walk%20in%20closet.png
Not Found: /static/img/wood legacy.png/static/img/wood%20legacy.png
Not Found: /static/img/logo.png
Not Found: /favicon.ico
Not Found: /favicon.ico
Not Found: /static/img/wood legacy.png/static/img/wood%20legacy.png
Not Found: /static/img/logo.png
Not Found: /static/img/walk in closet.png/static/img/walk%20in%20closet.png
Not Found: /favicon.ico
Not Found: /static/css/contact.css
Not Found: /static/img/logo.png
Not Found: /static/img/wood legacy.png/static/img/wood%20legacy.png
Not Found: /static/img/walk in closet.png/static/img/walk%20in%20closet.png
Not Found: /static/img/minimalist-armchairs.png
Not Found: /static/img/walk in closet.png/static/img/hero.png/static/img/walk%20in%20closet.png/static/img/hero.png
Not Found: /static/img/walk in closet.png/static/css/style.css/static/img/walk%20in%20closet.png/static/css/style.css
Not Found: /static/img/walk in closet.png/static/img/logo.png/static/img/walk%20in%20closet.png/static/img/logo.png
Not Found: /static/img/walk in closet.png/static/css/contact.css/static/img/walk%20in%20closet.png/static/css/contact.css
Not Found: /static/img/walk in closet.png/static/img/walk in closet.png/static/img/walk%20in%20closet.png/static/img/walk%20in%20closet.png
Not Found: /static/img/walk in closet.png/static/img/minimalist-armchairs.png/static/img/walk%20in%20closet.png/static/img/minimalist-armchairs.png
Not Found: /static/img/walk in closet.png/static/img/wood legacy.png/static/img/walk%20in%20closet.png/static/img/wood%20legacy.png
Not Found: /static/img/walk in closet.png/static/img/luxury-kitchen-cabinets-with-marble-countertop.png/static/img/walk%20in%20closet.png/static/img/luxury-kitchen-cabinets-with-marble-countertop.png
Not Found: /favicon.ico
Not Found: /favicon.ico
Not Found: /static/img/wood legacy.png/static/img/wood%20legacy.png
Not Found: /static/img/logo.png
Not Found: /static/img/walk in closet.png/static/img/walk%20in%20closet.png
Not Found: /favicon.ico
Not Found: /static/img/wood legacy.png/static/img/wood%20legacy.png
Not Found: /static/img/logo.png
Not Found: /static/img/walk in closet.png/static/img/walk%20in%20closet.png
Not Found: /favicon.ico
Not Found: /static/img/logo.png
Not Found: /static/img/wood legacy.png/static/img/wood%20legacy.png
Not Found: /static/img/walk in closet.png/static/img/walk%20in%20closet.png
Not Found: /static/img/logo.png
Not Found: /static/img/walk in closet.png/static/img/walk%20in%20closet.png
Not Found: /static/img/logo.png
Not Found: /static/img/logo.png
Not Found: /static/img/walk in closet.png/static/img/walk%20in%20closet.png
Not Found: /static/img/wood legacy.png/static/img/wood%20legacy.png
Not Found: /static/img/walk in closet.png/static/img/walk%20in%20closet.png
Not Found: /static/img/logo.png
Not Found: /static/img/wood legacy.png/static/img/wood%20legacy.png
Not Found: /static/img/wood legacy.png/static/img/wood%20legacy.png
Not Found: /static/img/logo.png
Not Found: /static/img/walk in closet.png/static/img/walk%20in%20closet.png
Not Found: /static/img/wood legacy.png/static/css/style.css/static/img/wood%20legacy.png/static/css/style.css
Not Found: /static/img/wood legacy.png/static/img/logo.png/static/img/wood%20legacy.png/static/img/logo.png
Not Found: /static/img/wood legacy.png/static/css/contact.css/static/img/wood%20legacy.png/static/css/contact.css
Not Found: /static/img/wood legacy.png/static/img/walk in closet.png/static/img/wood%20legacy.png/static/img/walk%20in%20closet.png
Not Found: /static/img/wood legacy.png/static/img/wood legacy.png/static/img/wood%20legacy.png/static/img/wood%20legacy.png
Not Found: /static/img/wood legacy.png/static/img/hero.png/static/img/wood%20legacy.png/static/img/hero.png
Not Found: /static/img/wood legacy.png/static/img/minimalist-armchairs.png/static/img/wood%20legacy.png/static/img/minimalist-armchairs.png
Not Found: /static/img/wood legacy.png/static/img/luxury-kitchen-cabinets-with-marble-countertop.png/static/img/wood%20legacy.png/static/img/luxury-kitchen-cabinets-with-marble-countertop.png
Not Found: /static/img/logo.png
Not Found: /static/img/walk in closet.png/static/img/walk%20in%20closet.png
Not Found: /static/img/wood legacy.png/static/img/wood%20legacy.png
Not Found: /static/img/logo.png
Not Found: /static/img/wood legacy.png/static/img/wood%20legacy.png
Not Found: /static/img/walk in closet.png/static/img/walk%20in%20closet.png
Not Found: /favicon.ico
Not Found: /static/img/walk in closet.png/static/img/walk%20in%20closet.png
Not Found: /static/img/logo.png
Not Found: /static/img/wood legacy.png/static/img/wood%20legacy.png
Not Found: /static/img/logo.png
Not Found: /static/img/walk in closet.png/static/img/walk%20in%20closet.png
Not Found: /static/img/wood legacy.png/static/img/wood%20legacy.png
Not Found: /static/img/walk in closet.png/static/img/walk%20in%20closet.png
Not Found: /static/img/logo.png
Not Found: /static/img/wood legacy.png/static/img/wood%20legacy.png
Not Found: /static/img/wood legacy.png/static/img/wood%20legacy.png
Not Found: /static/img/logo.png
Not Found: /static/img/walk in closet.png/static/img/walk%20in%20closet.png
Not Found: /static/img/walk in closet.png/static/img/walk%20in%20closet.png
Not Found: /static/img/logo.png
Not Found: /static/img/logo.png
Not Found: /static/img/walk in closet.png/static/img/walk%20in%20closet.png
Not Found: /static/img/logo.png
Not Found: /static/img/wood legacy.png/static/img/wood%20legacy.png
Not Found: /static/img/logo.png
Not Found: /static/img/wood legacy.png/static/img/wood%20legacy.png
Not Found: /static/img/logo.png
Not Found: /static/img/logo.png
Not Found: /static/img/wood legacy.png/static/img/wood%20legacy.png
Not Found: /static/img/walk in closet.png/static/img/walk%20in%20closet.png
Not Found: /static/img/logo.png
Not Found: /static/img/walk in closet.png/static/img/walk%20in%20closet.png
Not Found: /static/img/logo.png
Not Found: /static/img/wood legacy.png/static/img/wood%20legacy.png
Not Found: /static/img/logo.png
Not Found: /static/img/walk in closet.png/static/img/walk%20in%20closet.png
Not Found: /static/img/wood legacy.png/static/img/wood%20legacy.png
Not Found: /static/img/logo.png
Not Found: /static/img/wood legacy.png/static/img/wood%20legacy.png
Not Found: /static/img/walk in closet.png/static/img/walk%20in%20closet.png
Not Found: /static/img/walk in closet.png/static/img/logo.png/static/img/walk%20in%20closet.png/static/img/logo.png
Not Found: /static/img/walk in closet.png/static/css/contact.css/static/img/walk%20in%20closet.png/static/css/contact.css
Not Found: /static/img/walk in closet.png/static/img/walk in closet.png/static/img/walk%20in%20closet.png/static/img/walk%20in%20closet.png
Not Found: /static/img/walk in closet.png/static/img/wood legacy.png/static/img/walk%20in%20closet.png/static/img/wood%20legacy.png
Not Found: /static/img/walk in closet.png/static/img/hero.png/static/img/walk%20in%20closet.png/static/img/hero.png
Not Found: /static/img/walk in closet.png/static/img/minimalist-armchairs.png/static/img/walk%20in%20closet.png/static/img/minimalist-armchairs.png
Not Found: /static/img/walk in closet.png/static/css/style.css/static/img/walk%20in%20closet.png/static/css/style.css
Not Found: /static/img/walk in closet.png/static/img/luxury-kitchen-cabinets-with-marble-countertop.png/static/img/walk%20in%20closet.png/static/img/luxury-kitchen-cabinets-with-marble-countertop.png
Not Found: /static/img/walk in closet.png/static/img/hero.png/static/img/walk%20in%20closet.png/static/img/hero.png
Not Found: /static/img/walk in closet.png/static/img/walk%20in%20closet.png
Not Found: /static/img/logo.png
Not Found: /static/img/wood legacy.png/static/img/wood%20legacy.png
Not Found: /static/img/walk in closet.png/static/img/walk%20in%20closet.png
Not Found: /static/img/wood legacy.png/static/img/wood%20legacy.png
Not Found: /static/img/logo.png
Not Found: /static/img/walk in closet.png/static/css/contact.css/static/img/walk%20in%20closet.png/static/css/contact.css
Not Found: /static/img/walk in closet.png/static/img/logo.png/static/img/walk%20in%20closet.png/static/img/logo.png
Not Found: /static/img/walk in closet.png/static/css/style.css/static/img/walk%20in%20closet.png/static/css/style.css
Not Found: /static/img/walk in closet.png/static/img/hero.png/static/img/walk%20in%20closet.png/static/img/hero.png
Not Found: /static/img/walk in closet.png/static/img/walk%20in%20closet.png
Not Found: /static/img/logo.png
Not Found: /static/img/wood legacy.png/static/img/wood%20legacy.png
Not Found: /static/img/logo.png
Not Found: /static/img/wood legacy.png/static/img/wood%20legacy.png
Not Found: /static/img/walk in closet.png/static/img/walk%20in%20closet.png
Not Found: /static/img/logo.png
Not Found: /static/img/logo.png
Not Found: /static/img/wood legacy.png/static/img/wood%20legacy.png
Not Found: /static/img/walk in closet.png/static/img/walk%20in%20closet.png
Not Found: /static/img/logo.png
Not Found: /static/img/walk in closet.png/static/img/walk%20in%20closet.png
Not Found: /static/img/wood legacy.png/static/img/wood%20legacy.png
Not Found: /favicon.ico
Not Found: /favicon.ico
Not Found: /static/img/walk in closet.png/static/img/walk%20in%20closet.png
Not Found: /static/img/logo.png
Not Found: /static/img/wood legacy.png/static/img/wood%20legacy.png
Not Found: /favicon.ico
Not Found: /static/img/logo.png
Not Found: /static/img/walk in closet.png/static/img/walk%20in%20closet.png
Not Found: /static/img/wood legacy.png/static/img/wood%20legacy.png
Not Found: /favicon.ico
Not Found: /static/img/logo.png
Not Found: /static/img/wood legacy.png/static/img/wood%20legacy.png
Not Found: /static/img/walk in closet.png/static/img/walk%20in%20closet.png
Not Found: /favicon.ico
Not Found: /static/img/logo.png
Not Found: /static/img/wood legacy.png/static/img/wood%20legacy.png
Not Found: /static/img/walk in closet.png/static/img/walk%20in%20closet.png
Not Found: /static/img/walk in closet.png/static/css/style.css/static/img/walk%20in%20closet.png/static/css/style.css
Not Found: /static/img/walk in closet.png/static/img/logo.png/static/img/walk%20in%20closet.png/static/img/logo.png
Not Found: /static/img/walk in closet.png/static/css/contact.css/static/img/walk%20in%20closet.png/static/css/contact.css
Not Found: /static/img/walk in closet.png/static/img/walk in closet.png/static/img/walk%20in%20closet.png/static/img/walk%20in%20closet.png
Not Found: /static/img/walk in closet.png/static/img/wood legacy.png/static/img/walk%20in%20closet.png/static/img/wood%20legacy.png
Not Found: /static/img/walk in closet.png/static/img/hero.png/static/img/walk%20in%20closet.png/static/img/hero.png
Not Found: /static/img/walk in closet.png/static/img/luxury-kitchen-cabinets-with-marble-countertop.png/static/img/walk%20in%20closet.png/static/img/luxury-kitchen-cabinets-with-marble-countertop.png
Not Found: /static/img/walk in closet.png/static/img/minimalist-armchairs.png/static/img/walk%20in%20closet.png/static/img/minimalist-armchairs.png
Not Found: /static/img/walk in closet.png/static/img/hero.png/static/img/walk%20in%20closet.png/static/img/hero.png
Not Found: /favicon.ico
Not Found: /static/img/minimalist-armchairs.png
Not Found: /static/img/luxury-kitchen-cabinets-with-marble-countertop.png
Not Found: /static/img/wood legacy.png/static/img/wood%20legacy.png
Not Found: /static/img/walk in closet.png/static/img/walk%20in%20closet.png
Not Found: /static/img/logo.png
Not Found: /static/img/logo.png
Not Found: /static/img/walk in closet.png/static/img/walk%20in%20closet.png
Not Found: /static/img/wood legacy.png/static/img/wood%20legacy.png
Not Found: /static/img/logo.png
Not Found: /static/img/wood legacy.png/static/img/wood%20legacy.png
Not Found: /static/img/walk in closet.png/static/img/walk%20in%20closet.png
Not Found: /static/img/logo.png
Not Found: /static/img/wood legacy.png/static/img/wood%20legacy.png
Not Found: /static/img/walk in closet.png/static/img/walk%20in%20closet.png
Not Found: /static/img/wood legacy.png/static/css/style.css/static/img/wood%20legacy.png/static/css/style.css
Not Found: /static/img/wood legacy.png/static/img/hero.png/static/img/wood%20legacy.png/static/img/hero.png
Not Found: /static/img/wood legacy.png/static/img/logo.png/static/img/wood%20legacy.png/static/img/logo.png
Not Found: /static/img/wood legacy.png/static/css/contact.css/static/img/wood%20legacy.png/static/css/contact.css
Not Found: /static/img/wood legacy.png/static/img/walk in closet.png/static/img/wood%20legacy.png/static/img/walk%20in%20closet.png
Not Found: /static/img/wood legacy.png/static/img/minimalist-armchairs.png/static/img/wood%20legacy.png/static/img/minimalist-armchairs.png
Not Found: /static/img/wood legacy.png/static/img/luxury-kitchen-cabinets-with-marble-countertop.png/static/img/wood%20legacy.png/static/img/luxury-kitchen-cabinets-with-marble-countertop.png
Not Found: /static/img/wood legacy.png/static/img/wood legacy.png/static/img/wood%20legacy.png/static/img/wood%20legacy.png
Not Found: /static/img/wood legacy.png/static/img/hero.png/static/img/wood%20legacy.png/static/img/hero.png
Not Found: /static/img/logo.png
Not Found: /static/img/walk in closet.png/static/img/walk%20in%20closet.png
Not Found: /static/img/wood legacy.png/static/img/wood%20legacy.png
Not Found: /static/img/wood legacy.png/static/img/wood legacy.png/static/img/wood%20legacy.png/static/img/wood%20legacy.png
Not Found: /static/img/wood legacy.png/static/img/hero.png/static/img/wood%20legacy.png/static/img/hero.png
Not Found: /static/img/wood legacy.png/static/css/contact.css/static/img/wood%20legacy.png/static/css/contact.css
Not Found: /static/img/wood legacy.png/static/img/luxury-kitchen-cabinets-with-marble-countertop.png/static/img/wood%20legacy.png/static/img/luxury-kitchen-cabinets-with-marble-countertop.png
Not Found: /static/img/wood legacy.png/static/img/minimalist-armchairs.png/static/img/wood%20legacy.png/static/img/minimalist-armchairs.png
Not Found: /static/img/wood legacy.png/static/img/walk in closet.png/static/img/wood%20legacy.png/static/img/walk%20in%20closet.png
Not Found: /static/img/wood legacy.png/static/img/logo.png/static/img/wood%20legacy.png/static/img/logo.png
Not Found: /static/img/wood legacy.png/static/css/style.css/static/img/wood%20legacy.png/static/css/style.css
Not Found: /static/img/wood legacy.png/static/img/hero.png/static/img/wood%20legacy.png/static/img/hero.png
Not Found: /static/img/walk in closet.png/static/img/walk%20in%20closet.png
Not Found: /static/img/logo.png
Not Found: /static/img/wood legacy.png/static/img/wood%20legacy.png
Not Found: /static/img/logo.png
Not Found: /static/img/wood legacy.png/static/img/wood%20legacy.png
Not Found: /static/img/walk in closet.png/static/img/walk%20in%20closet.png
Not Found: /static/img/walk in closet.png/static/css/style.css/static/img/walk%20in%20closet.png/static/css/style.css
Not Found: /static/img/walk in closet.png/static/img/hero.png/static/img/walk%20in%20closet.png/static/img/hero.png
Not Found: /static/img/walk in closet.png/static/img/wood legacy.png/static/img/walk%20in%20closet.png/static/img/wood%20legacy.png
Not Found: /static/img/walk in closet.png/static/img/logo.png/static/img/walk%20in%20closet.png/static/img/logo.png
Not Found: /static/img/walk in closet.png/static/css/contact.css/static/img/walk%20in%20closet.png/static/css/contact.css
Not Found: /static/img/walk in closet.png/static/img/minimalist-armchairs.png/static/img/walk%20in%20closet.png/static/img/minimalist-armchairs.png
Not Found: /static/img/walk in closet.png/static/img/walk in closet.png/static/img/walk%20in%20closet.png/static/img/walk%20in%20closet.png
Not Found: /static/img/walk in closet.png/static/img/luxury-kitchen-cabinets-with-marble-countertop.png/static/img/walk%20in%20closet.png/static/img/luxury-kitchen-cabinets-with-marble-countertop.png
Not Found: /static/img/walk in closet.png/static/img/hero.png/static/img/walk%20in%20closet.png/static/img/hero.png
Not Found: /static/img/wood legacy.png/static/img/wood%20legacy.png
Not Found: /static/img/logo.png
Not Found: /static/img/walk in closet.png/static/img/walk%20in%20closet.png
Not Found: /static/img/walk in closet.png/static/img/logo.png/static/img/walk%20in%20closet.png/static/img/logo.png
Not Found: /static/img/walk in closet.png/static/css/style.css/static/img/walk%20in%20closet.png/static/css/style.css
Not Found: /static/img/walk in closet.png/static/img/hero.png/static/img/walk%20in%20closet.png/static/img/hero.png
Not Found: /static/img/walk in closet.png/static/img/walk in closet.png/static/img/walk%20in%20closet.png/static/img/walk%20in%20closet.png
Not Found: /static/img/walk in closet.png/static/img/minimalist-armchairs.png/static/img/walk%20in%20closet.png/static/img/minimalist-armchairs.png
Not Found: /static/img/walk in closet.png/static/css/contact.css/static/img/walk%20in%20closet.png/static/css/contact.css
Not Found: /static/img/walk in closet.png/static/img/luxury-kitchen-cabinets-with-marble-countertop.png/static/img/walk%20in%20closet.png/static/img/luxury-kitchen-cabinets-with-marble-countertop.png
Not Found: /static/img/logo.png
Not Found: /static/img/walk in closet.png/static/img/walk%20in%20closet.png
Not Found: /static/img/walk in closet.png/static/img/luxury-kitchen-cabinets-with-marble-countertop.png/static/img/walk%20in%20closet.png/static/img/luxury-kitchen-cabinets-with-marble-countertop.png
Not Found: /static/img/walk in closet.png/static/css/style.css/static/img/walk%20in%20closet.png/static/css/style.css
Not Found: /static/img/walk in closet.png/static/img/logo.png/static/img/walk%20in%20closet.png/static/img/logo.png
Not Found: /static/img/walk in closet.png/static/img/walk in closet.png/static/img/walk%20in%20closet.png/static/img/walk%20in%20closet.png
Not Found: /static/img/walk in closet.png/static/css/contact.css/static/img/walk%20in%20closet.png/static/css/contact.css
Not Found: /static/img/walk in closet.png/static/img/hero.png/static/img/walk%20in%20closet.png/static/img/hero.png
Not Found: /static/img/walk in closet.png/static/img/wood legacy.png/static/img/walk%20in%20closet.png/static/img/wood%20legacy.png
Not Found: /static/img/walk in closet.png/static/img/minimalist-armchairs.png/static/img/walk%20in%20closet.png/static/img/minimalist-armchairs.png
Not Found: /static/img/walk in closet.png/static/img/walk%20in%20closet.png
Not Found: /static/img/logo.png
Not Found: /static/img/luxury-kitchen-cabinets-with-marble-countertop.png
Not Found: /static/img/wood legacy.png/static/img/wood%20legacy.png
Not Found: /static/img/walk in closet.png/static/img/walk%20in%20closet.png
Not Found: /static/img/logo.png
Not Found: /static/img/wood legacy.png/static/img/wood%20legacy.png
Not Found: /static/img/wood legacy.png/static/img/hero.png/static/img/wood%20legacy.png/static/img/hero.png
Not Found: /static/img/wood legacy.png/static/img/minimalist-armchairs.png/static/img/wood%20legacy.png/static/img/minimalist-armchairs.png
Not Found: /static/img/wood legacy.png/static/css/style.css/static/img/wood%20legacy.png/static/css/style.css
Not Found: /static/img/wood legacy.png/static/img/walk in closet.png/static/img/wood%20legacy.png/static/img/walk%20in%20closet.png
Not Found: /static/img/wood legacy.png/static/img/logo.png/static/img/wood%20legacy.png/static/img/logo.png
Not Found: /static/img/wood legacy.png/static/img/luxury-kitchen-cabinets-with-marble-countertop.png/static/img/wood%20legacy.png/static/img/luxury-kitchen-cabinets-with-marble-countertop.png
Not Found: /static/img/wood legacy.png/static/css/contact.css/static/img/wood%20legacy.png/static/css/contact.css
Not Found: /static/img/logo.png
Not Found: /static/img/wood legacy.png/static/img/wood%20legacy.png
Not Found: /static/img/wood legacy.png/static/css/style.css/static/img/wood%20legacy.png/static/css/style.css
Not Found: /static/img/wood legacy.png/static/img/logo.png/static/img/wood%20legacy.png/static/img/logo.png
Not Found: /static/img/wood legacy.png/static/css/contact.css/static/img/wood%20legacy.png/static/css/contact.css
Not Found: /static/img/wood legacy.png/static/img/wood legacy.png/static/img/wood%20legacy.png/static/img/wood%20legacy.png
Not Found: /static/img/wood legacy.png/static/css/style.css/static/img/wood%20legacy.png/static/css/style.css
Not Found: /static/img/wood legacy.png/static/img/logo.png/static/img/wood%20legacy.png/static/img/logo.png
Not Found: /static/img/wood legacy.png/static/img/walk in closet.png/static/img/wood%20legacy.png/static/img/walk%20in%20closet.png
Not Found: /static/img/wood legacy.png/static/img/wood legacy.png/static/img/wood%20legacy.png/static/img/wood%20legacy.png
Not Found: /static/img/wood legacy.png/static/css/contact.css/static/img/wood%20legacy.png/static/css/contact.css
Not Found: /static/img/wood legacy.png/static/img/minimalist-armchairs.png/static/img/wood%20legacy.png/static/img/minimalist-armchairs.png
Not Found: /static/img/wood legacy.png/static/img/hero.png/static/img/wood%20legacy.png/static/img/hero.png
Not Found: /static/img/wood legacy.png/static/img/luxury-kitchen-cabinets-with-marble-countertop.png/static/img/wood%20legacy.png/static/img/luxury-kitchen-cabinets-with-marble-countertop.png
Not Found: /static/img/walk in closet.png/static/img/walk%20in%20closet.png
Not Found: /static/img/logo.png
Not Found: /static/img/wood legacy.png/static/img/wood%20legacy.png
Not Found: /static/img/wood legacy.png/static/img/logo.png/static/img/wood%20legacy.png/static/img/logo.png
Not Found: /static/img/wood legacy.png/static/img/minimalist-armchairs.png/static/img/wood%20legacy.png/static/img/minimalist-armchairs.png
Not Found: /static/img/wood legacy.png/static/img/walk in closet.png/static/img/wood%20legacy.png/static/img/walk%20in%20closet.png
Not Found: /static/img/wood legacy.png/static/css/contact.css/static/img/wood%20legacy.png/static/css/contact.css
Not Found: /static/img/wood legacy.png/static/img/luxury-kitchen-cabinets-with-marble-countertop.png/static/img/wood%20legacy.png/static/img/luxury-kitchen-cabinets-with-marble-countertop.png
Not Found: /static/img/wood legacy.png/static/css/style.css/static/img/wood%20legacy.png/static/css/style.css
Not Found: /static/img/wood legacy.png/static/img/hero.png/static/img/wood%20legacy.png/static/img/hero.png
Not Found: /static/img/logo.png
Not Found: /static/img/wood legacy.png/static/img/wood%20legacy.png
Not Found: /static/img/wood legacy.png/static/img/logo.png/static/img/wood%20legacy.png/static/img/logo.png
Not Found: /static/img/wood legacy.png/static/css/contact.css/static/img/wood%20legacy.png/static/css/contact.css
Not Found: /static/img/wood legacy.png/static/css/style.css/static/img/wood%20legacy.png/static/css/style.css
Not Found: /static/img/wood legacy.png/static/img/wood legacy.png/static/img/wood%20legacy.png/static/img/wood%20legacy.png
Not Found: /static/img/logo.png
Not Found: /static/img/logo.png
Not Found: /static/img/wood legacy.png/static/img/wood%20legacy.png
Not Found: /static/img/walk in closet.png/static/img/walk%20in%20closet.png
Not Found: /static/img/wood legacy.png/static/css/style.css/static/img/wood%20legacy.png/static/css/style.css
Not Found: /static/img/wood legacy.png/static/img/walk in closet.png/static/img/wood%20legacy.png/static/img/walk%20in%20closet.png
Not Found: /static/img/wood legacy.png/static/img/logo.png/static/img/wood%20legacy.png/static/img/logo.png
Not Found: /static/img/wood legacy.png/static/css/contact.css/static/img/wood%20legacy.png/static/css/contact.css
Not Found: /static/img/wood legacy.png/static/img/wood legacy.png/static/img/wood%20legacy.png/static/img/wood%20legacy.png
Not Found: /static/img/wood legacy.png/static/img/minimalist-armchairs.png/static/img/wood%20legacy.png/static/img/minimalist-armchairs.png
Not Found: /static/img/wood legacy.png/static/img/luxury-kitchen-cabinets-with-marble-countertop.png/static/img/wood%20legacy.png/static/img/luxury-kitchen-cabinets-with-marble-countertop.png
Not Found: /static/img/wood legacy.png/static/img/hero.png/static/img/wood%20legacy.png/static/img/hero.png
Not Found: /static/img/logo.png
Not Found: /static/img/walk in closet.png/static/img/walk%20in%20closet.png
Not Found: /static/img/wood legacy.png/static/img/wood%20legacy.png
Not Found: /static/img/logo.png
Not Found: /static/img/wood legacy.png/static/img/wood%20legacy.png
Not Found: /static/img/walk in closet.png/static/img/walk%20in%20closet.png
Not Found: /static/img/walk in closet.png/static/css/style.css/static/img/walk%20in%20closet.png/static/css/style.css
Not Found: /static/img/walk in closet.png/static/css/contact.css/static/img/walk%20in%20closet.png/static/css/contact.css
Not Found: /static/img/walk in closet.png/static/img/luxury-kitchen-cabinets-with-marble-countertop.png/static/img/walk%20in%20closet.png/static/img/luxury-kitchen-cabinets-with-marble-countertop.png
Not Found: /static/img/walk in closet.png/static/img/walk in closet.png/static/img/walk%20in%20closet.png/static/img/walk%20in%20closet.png
Not Found: /static/img/walk in closet.png/static/img/hero.png/static/img/walk%20in%20closet.png/static/img/hero.png
Not Found: /static/img/walk in closet.png/static/img/minimalist-armchairs.png/static/img/walk%20in%20closet.png/static/img/minimalist-armchairs.png
Not Found: /static/img/walk in closet.png/static/img/logo.png/static/img/walk%20in%20closet.png/static/img/logo.png
Not Found: /static/img/walk in closet.png/static/img/walk%20in%20closet.png
Not Found: /static/img/wood legacy.png/static/img/wood%20legacy.png
Not Found: /static/img/logo.png
Not Found: /static/img/logo.png
Not Found: /static/img/wood legacy.png/static/img/wood%20legacy.png
Not Found: /static/img/logo.png
Not Found: /static/img/logo.png
Not Found: /static/img/walk in closet.png/static/img/walk%20in%20closet.png
Not Found: /static/img/wood legacy.png/static/css/style.css/static/img/wood%20legacy.png/static/css/style.css
Not Found: /static/img/wood legacy.png/static/css/contact.css/static/img/wood%20legacy.png/static/css/contact.css
Not Found: /static/img/wood legacy.png/static/img/logo.png/static/img/wood%20legacy.png/static/img/logo.png
Not Found: /static/img/wood legacy.png/static/img/luxury-kitchen-cabinets-with-marble-countertop.png/static/img/wood%20legacy.png/static/img/luxury-kitchen-cabinets-with-marble-countertop.png
Not Found: /static/img/wood legacy.png/static/img/walk in closet.png/static/img/wood%20legacy.png/static/img/walk%20in%20closet.png
Not Found: /static/img/wood legacy.png/static/img/wood legacy.png/static/img/wood%20legacy.png/static/img/wood%20legacy.png
Not Found: /static/img/wood legacy.png/static/img/minimalist-armchairs.png/static/img/wood%20legacy.png/static/img/minimalist-armchairs.png
Not Found: /static/img/wood legacy.png/static/img/hero.png/static/img/wood%20legacy.png/static/img/hero.png
Not Found: /static/img/walk in closet.png/static/img/walk%20in%20closet.png
Not Found: /static/img/logo.png
Not Found: /static/img/wood legacy.png/static/img/wood%20legacy.png
Not Found: /static/img/wood legacy.png/static/img/luxury-kitchen-cabinets-with-marble-countertop.png/static/img/wood%20legacy.png/static/img/luxury-kitchen-cabinets-with-marble-countertop.png
Not Found: /static/img/wood legacy.png/static/css/style.css/static/img/wood%20legacy.png/static/css/style.css
Not Found: /static/img/wood legacy.png/static/img/wood legacy.png/static/img/wood%20legacy.png/static/img/wood%20legacy.png
Not Found: /static/img/wood legacy.png/static/img/logo.png/static/img/wood%20legacy.png/static/img/logo.png
Not Found: /static/img/wood legacy.png/static/css/contact.css/static/img/wood%20legacy.png/static/css/contact.css
Not Found: /static/img/wood legacy.png/static/img/minimalist-armchairs.png/static/img/wood%20legacy.png/static/img/minimalist-armchairs.png
Not Found: /static/img/wood legacy.png/static/img/walk in closet.png/static/img/wood%20legacy.png/static/img/walk%20in%20closet.png
Not Found: /static/img/wood legacy.png/static/img/hero.png/static/img/wood%20legacy.png/static/img/hero.png
Not Found: /static/img/wood legacy.png/static/img/minimalist-armchairs.png/static/img/minimalist-armchairs.png/static/img/wood%20legacy.png/static/img/minimalist-armchairs.png/static/img/minimalist-armchairs.png
Not Found: /static/img/wood legacy.png/static/img/minimalist-armchairs.png/static/img/luxury-kitchen-cabinets-with-marble-countertop.png/static/img/wood%20legacy.png/static/img/minimalist-armchairs.png/static/img/luxury-kitchen-cabinets-with-marble-countertop.png
Not Found: /static/img/wood legacy.png/static/img/minimalist-armchairs.png/static/img/wood legacy.png/static/img/wood%20legacy.png/static/img/minimalist-armchairs.png/static/img/wood%20legacy.png
Not Found: /static/img/wood legacy.png/static/img/minimalist-armchairs.png/static/css/contact.css/static/img/wood%20legacy.png/static/img/minimalist-armchairs.png/static/css/contact.css
Not Found: /static/img/wood legacy.png/static/img/minimalist-armchairs.png/static/img/logo.png/static/img/wood%20legacy.png/static/img/minimalist-armchairs.png/static/img/logo.png
Not Found: /static/img/wood legacy.png/static/img/minimalist-armchairs.png/static/css/style.css/static/img/wood%20legacy.png/static/img/minimalist-armchairs.png/static/css/style.css
Not Found: /static/img/wood legacy.png/static/img/minimalist-armchairs.png/static/img/walk in closet.png/static/img/wood%20legacy.png/static/img/minimalist-armchairs.png/static/img/walk%20in%20closet.png
Not Found: /static/img/wood legacy.png/static/img/minimalist-armchairs.png/static/img/hero.png/static/img/wood%20legacy.png/static/img/minimalist-armchairs.png/static/img/hero.png
Not Found: /static/img/luxury-kitchen-cabinets-with-marble-countertop.png
Not Found: /static/css/contact.css
Not Found: /static/img/logo.png
Not Found: /static/img/hero.png
Not Found: /static/img/minimalist-armchairs.png
Not Found: /static/img/walk in closet.png/static/img/walk%20in%20closet.png
Not Found: /static/img/wood legacy.png/static/img/wood%20legacy.png
Not Found: /static/img/hero.png
Not Found: /static/img/minimalist-armchairs.png
Not Found: /static/img/walk in closet.png/static/img/walk%20in%20closet.png
Not Found: /static/img/luxury-kitchen-cabinets-with-marble-countertop.png
Not Found: /static/img/wood legacy.png/static/img/wood%20legacy.png
Not Found: /static/img/logo.png
Not Found: /favicon.ico
Not Found: /static/img/wood legacy.png/static/img/wood%20legacy.png
Not Found: /static/img/walk in closet.png/static/img/walk%20in%20closet.png
Not Found: /static/img/logo.png
Not Found: /static/img/wood legacy.png/static/img/wood%20legacy.png
Not Found: /static/img/walk in closet.png/static/img/walk%20in%20closet.png
Not Found: /static/img/luxury-kitchen-cabinets-with-marble-countertop.png
Not Found: /static/img/logo.png
Not Found: /static/img/walk in closet.png/static/img/walk%20in%20closet.png
Not Found: /static/img/logo.png
Not Found: /static/img/wood legacy.png/static/img/wood%20legacy.png
Not Found: /static/img/luxury-kitchen-cabinets-with-marble-countertop.png
Not Found: /static/img/logo.png
Not Found: /static/img/wood legacy.png/static/img/wood%20legacy.png
Not Found: /static/img/walk in closet.png/static/img/walk%20in%20closet.png
Not Found: /static/img/wood legacy.png/static/img/minimalist-armchairs.png/static/img/wood%20legacy.png/static/img/minimalist-armchairs.png
Not Found: /static/img/wood legacy.png/static/img/hero.png/static/img/wood%20legacy.png/static/img/hero.png
Not Found: /static/img/wood legacy.png/static/css/contact.css/static/img/wood%20legacy.png/static/css/contact.css
Not Found: /static/img/wood legacy.png/static/img/luxury-kitchen-cabinets-with-marble-countertop.png/static/img/wood%20legacy.png/static/img/luxury-kitchen-cabinets-with-marble-countertop.png
Not Found: /static/img/wood legacy.png/static/img/logo.png/static/img/wood%20legacy.png/static/img/logo.png
Not Found: /static/img/wood legacy.png/static/css/style.css/static/img/wood%20legacy.png/static/css/style.css
Not Found: /static/img/wood legacy.png/static/img/walk in closet.png/static/img/wood%20legacy.png/static/img/walk%20in%20closet.png
Not Found: /static/img/walk in closet.png/static/css/style.css/static/img/walk%20in%20closet.png/static/css/style.css
Not Found: /static/img/walk in closet.png/static/img/logo.png/static/img/walk%20in%20closet.png/static/img/logo.png
Not Found: /static/img/walk in closet.png/static/css/contact.css/static/img/walk%20in%20closet.png/static/css/contact.css
Not Found: /static/img/walk in closet.png/static/img/wood legacy.png/static/img/walk%20in%20closet.png/static/img/wood%20legacy.png
Not Found: /static/img/walk in closet.png/static/img/wood legacy.png/static/css/style.css/static/img/walk%20in%20closet.png/static/img/wood%20legacy.png/static/css/style.css
Not Found: /static/img/walk in closet.png/static/img/wood legacy.png/static/css/contact.css/static/img/walk%20in%20closet.png/static/img/wood%20legacy.png/static/css/contact.css
Not Found: /static/img/walk in closet.png/static/img/wood legacy.png/static/img/logo.png/static/img/walk%20in%20closet.png/static/img/wood%20legacy.png/static/img/logo.png
Not Found: /static/img/walk in closet.png/static/img/wood legacy.png/static/img/wood legacy.png/static/img/walk%20in%20closet.png/static/img/wood%20legacy.png/static/img/wood%20legacy.png
Not Found: /static/img/walk in closet.png/static/css/contact.css/static/img/walk%20in%20closet.png/static/css/contact.css
Not Found: /static/img/walk in closet.png/static/img/hero.png/static/img/walk%20in%20closet.png/static/img/hero.png
Not Found: /static/img/walk in closet.png/static/css/style.css/static/img/walk%20in%20closet.png/static/css/style.css
Not Found: /static/img/walk in closet.png/static/img/logo.png/static/img/walk%20in%20closet.png/static/img/logo.png
Not Found: /static/img/logo.png
Not Found: /static/img/logo.png
Not Found: /static/img/wood legacy.png/static/img/wood%20legacy.png
Not Found: /static/img/walk in closet.png/static/img/walk%20in%20closet.png
Not Found: /static/img/walk in closet.png/static/css/contact.css/static/img/walk%20in%20closet.png/static/css/contact.css
Not Found: /static/img/walk in closet.png/static/css/style.css/static/img/walk%20in%20closet.png/static/css/style.css
Not Found: /static/img/walk in closet.png/static/img/walk in closet.png/static/img/walk%20in%20closet.png/static/img/walk%20in%20closet.png
Not Found: /static/img/walk in closet.png/static/img/luxury-kitchen-cabinets-with-marble-countertop.png/static/img/walk%20in%20closet.png/static/img/luxury-kitchen-cabinets-with-marble-countertop.png
Not Found: /static/img/walk in closet.png/static/img/hero.png/static/img/walk%20in%20closet.png/static/img/hero.png
Not Found: /static/img/walk in closet.png/static/img/minimalist-armchairs.png/static/img/walk%20in%20closet.png/static/img/minimalist-armchairs.png
Not Found: /static/img/walk in closet.png/static/img/logo.png/static/img/walk%20in%20closet.png/static/img/logo.png
Not Found: /static/img/walk in closet.png/static/img/logo.png/static/img/logo.png/static/img/walk%20in%20closet.png/static/img/logo.png/static/img/logo.png
Not Found: /static/img/walk in closet.png/static/img/logo.png/static/css/style.css/static/img/walk%20in%20closet.png/static/img/logo.png/static/css/style.css
Not Found: /static/img/walk in closet.png/static/img/logo.png/static/css/contact.css/static/img/walk%20in%20closet.png/static/img/logo.png/static/css/contact.css
Not Found: /static/img/walk in closet.png/static/img/logo.png/static/img/hero.png/static/img/walk%20in%20closet.png/static/img/logo.png/static/img/hero.png
Not Found: /static/img/walk in closet.png/static/img/logo.png/static/img/hero.png/static/css/style.css/static/img/walk%20in%20closet.png/static/img/logo.png/static/img/hero.png/static/css/style.css
Not Found: /static/img/walk in closet.png/static/img/logo.png/static/img/hero.png/static/css/contact.css/static/img/walk%20in%20closet.png/static/img/logo.png/static/img/hero.png/static/css/contact.css
Not Found: /static/img/walk in closet.png/static/img/logo.png/static/img/hero.png/static/img/hero.png/static/img/walk%20in%20closet.png/static/img/logo.png/static/img/hero.png/static/img/hero.png
Not Found: /static/img/walk in closet.png/static/img/logo.png/static/img/hero.png/static/img/logo.png/static/img/walk%20in%20closet.png/static/img/logo.png/static/img/hero.png/static/img/logo.png
Not Found: /static/img/walk in closet.png/static/img/logo.png/static/img/hero.png/static/img/logo.png/static/css/style.css/static/img/walk%20in%20closet.png/static/img/logo.png/static/img/hero.png/static/img/logo.png/static/css/style.css
Not Found: /static/img/walk in closet.png/static/img/logo.png/static/img/hero.png/static/img/logo.png/static/css/contact.css/static/img/walk%20in%20closet.png/static/img/logo.png/static/img/hero.png/static/img/logo.png/static/css/contact.css
Not Found: /static/img/walk in closet.png/static/img/logo.png/static/img/hero.png/static/img/logo.png/static/img/logo.png/static/img/walk%20in%20closet.png/static/img/logo.png/static/img/hero.png/static/img/logo.png/static/img/logo.png
Not Found: /static/img/walk in closet.png/static/img/logo.png/static/img/hero.png/static/img/logo.png/static/img/hero.png/static/img/walk%20in%20closet.png/static/img/logo.png/static/img/hero.png/static/img/logo.png/static/img/hero.png
Not Found: /static/img/walk in closet.png/static/img/logo.png/static/img/hero.png/static/img/logo.png/static/img/hero.png/static/css/contact.css/static/img/walk%20in%20closet.png/static/img/logo.png/static/img/hero.png/static/img/logo.png/static/img/hero.png/static/css/contact.css
Not Found: /static/img/walk in closet.png/static/img/logo.png/static/img/hero.png/static/img/logo.png/static/img/hero.png/static/css/style.css/static/img/walk%20in%20closet.png/static/img/logo.png/static/img/hero.png/static/img/logo.png/static/img/hero.png/static/css/style.css
Not Found: /static/img/walk in closet.png/static/img/logo.png/static/img/hero.png/static/img/logo.png/static/img/hero.png/static/img/logo.png/static/img/walk%20in%20closet.png/static/img/logo.png/static/img/hero.png/static/img/logo.png/static/img/hero.png/static/img/logo.png
Not Found: /static/img/walk in closet.png/static/img/logo.png/static/img/hero.png/static/img/logo.png/static/img/hero.png/static/img/hero.png/static/img/walk%20in%20closet.png/static/img/logo.png/static/img/hero.png/static/img/logo.png/static/img/hero.png/static/img/hero.png
Not Found: /static/img/logo.png
Not Found: /static/img/walk in closet.png/static/img/walk%20in%20closet.png
Not Found: /static/img/wood legacy.png/static/img/wood%20legacy.png
Not Found: /static/img/walk in closet.png/static/css/style.css/static/img/walk%20in%20closet.png/static/css/style.css
Not Found: /static/img/walk in closet.png/static/css/contact.css/static/img/walk%20in%20closet.png/static/css/contact.css
Not Found: /static/img/walk in closet.png/static/img/logo.png/static/img/walk%20in%20closet.png/static/img/logo.png
Not Found: /static/img/walk in closet.png/static/img/walk in closet.png/static/img/walk%20in%20closet.png/static/img/walk%20in%20closet.png
Not Found: /static/img/walk in closet.png/static/img/wood legacy.png/static/img/walk%20in%20closet.png/static/img/wood%20legacy.png
Not Found: /static/img/walk in closet.png/static/img/hero.png/static/img/walk%20in%20closet.png/static/img/hero.png
Not Found: /static/img/walk in closet.png/static/img/luxury-kitchen-cabinets-with-marble-countertop.png/static/img/walk%20in%20closet.png/static/img/luxury-kitchen-cabinets-with-marble-countertop.png
Not Found: /static/img/walk in closet.png/static/img/minimalist-armchairs.png/static/img/walk%20in%20closet.png/static/img/minimalist-armchairs.png
Not Found: /static/img/logo.png
Not Found: /static/img/walk in closet.png/static/img/walk%20in%20closet.png
Not Found: /static/img/wood legacy.png/static/img/wood%20legacy.png
Not Found: /static/img/logo.png
Not Found: /static/img/walk in closet.png/static/img/walk%20in%20closet.png
Not Found: /static/img/walk in closet.png/static/css/contact.css/static/img/walk%20in%20closet.png/static/css/contact.css
Not Found: /static/img/walk in closet.png/static/img/walk in closet.png/static/img/walk%20in%20closet.png/static/img/walk%20in%20closet.png
Not Found: /static/img/walk in closet.png/static/css/style.css/static/img/walk%20in%20closet.png/static/css/style.css
Not Found: /static/img/walk in closet.png/static/img/logo.png/static/img/walk%20in%20closet.png/static/img/logo.png
Not Found: /static/img/walk in closet.png/static/img/hero.png/static/img/walk%20in%20closet.png/static/img/hero.png
Not Found: /static/img/walk in closet.png/static/img/minimalist-armchairs.png/static/img/walk%20in%20closet.png/static/img/minimalist-armchairs.png
Not Found: /static/img/walk in closet.png/static/img/luxury-kitchen-cabinets-with-marble-countertop.png/static/img/walk%20in%20closet.png/static/img/luxury-kitchen-cabinets-with-marble-countertop.png
Not Found: /static/img/walk in closet.png/static/css/style.css/static/img/walk%20in%20closet.png/static/css/style.css
Not Found: /static/img/walk in closet.png/static/css/contact.css/static/img/walk%20in%20closet.png/static/css/contact.css
Not Found: /static/img/walk in closet.png/static/img/logo.png/static/css/contact.css/static/img/walk%20in%20closet.png/static/img/logo.png/static/css/contact.css
Not Found: /static/img/walk in closet.png/static/img/logo.png/static/img/hero.png/static/img/walk%20in%20closet.png/static/img/logo.png/static/img/hero.png
Not Found: /static/img/walk in closet.png/static/img/logo.png/static/css/style.css/static/img/walk%20in%20closet.png/static/img/logo.png/static/css/style.css
Not Found: /static/img/walk in closet.png/static/img/logo.png/static/img/walk in closet.png/static/img/walk%20in%20closet.png/static/img/logo.png/static/img/walk%20in%20closet.png
Not Found: /static/img/walk in closet.png/static/img/logo.png/static/img/minimalist-armchairs.png/static/img/walk%20in%20closet.png/static/img/logo.png/static/img/minimalist-armchairs.png
Not Found: /static/img/walk in closet.png/static/img/logo.png/static/img/wood legacy.png/static/img/walk%20in%20closet.png/static/img/logo.png/static/img/wood%20legacy.png
Not Found: /static/img/walk in closet.png/static/img/logo.png/static/img/luxury-kitchen-cabinets-with-marble-countertop.png/static/img/walk%20in%20closet.png/static/img/logo.png/static/img/luxury-kitchen-cabinets-with-marble-countertop.png
Not Found: /static/img/walk in closet.png/static/img/logo.png/static/img/logo.png/static/img/walk%20in%20closet.png/static/img/logo.png/static/img/logo.png
Not Found: /static/img/walk in closet.png/static/img/logo.png/static/img/hero.png/static/img/walk%20in%20closet.png/static/img/logo.png/static/img/hero.png
Not Found: /static/img/logo.png
Not Found: /static/img/walk in closet.png/static/img/walk%20in%20closet.png
Not Found: /static/img/wood legacy.png/static/img/wood%20legacy.png
Not Found: /static/img/wood legacy.png/static/css/style.css/static/img/wood%20legacy.png/static/css/style.css
Not Found: /static/img/wood legacy.png/static/img/logo.png/static/img/wood%20legacy.png/static/img/logo.png
Not Found: /static/img/wood legacy.png/static/css/contact.css/static/img/wood%20legacy.png/static/css/contact.css
Not Found: /static/img/wood legacy.png/static/img/walk in closet.png/static/img/wood%20legacy.png/static/img/walk%20in%20closet.png
Not Found: /static/img/wood legacy.png/static/img/luxury-kitchen-cabinets-with-marble-countertop.png/static/img/wood%20legacy.png/static/img/luxury-kitchen-cabinets-with-marble-countertop.png
Not Found: /static/img/wood legacy.png/static/img/wood legacy.png/static/img/wood%20legacy.png/static/img/wood%20legacy.png
Not Found: /static/img/wood legacy.png/static/img/minimalist-armchairs.png/static/img/wood%20legacy.png/static/img/minimalist-armchairs.png
Not Found: /static/img/wood legacy.png/static/img/hero.png/static/img/wood%20legacy.png/static/img/hero.png
Not Found: /static/img/walk in closet.png/static/img/walk%20in%20closet.png
Not Found: /static/img/logo.png
Not Found: /static/img/wood legacy.png/static/img/wood%20legacy.png
Not Found: /static/img/logo.png
Not Found: /static/img/walk in closet.png/static/img/walk%20in%20closet.png
Not Found: /static/img/wood legacy.png/static/img/wood%20legacy.png
Not Found: /static/img/walk in closet.png/static/img/walk%20in%20closet.png
Not Found: /static/img/wood legacy.png/static/img/wood%20legacy.png
Not Found: /static/img/logo.png
Not Found: /static/img/logo.png
Not Found: /static/img/walk in closet.png/static/img/walk%20in%20closet.png
Not Found: /static/img/wood legacy.png/static/img/wood%20legacy.png
Not Found: /favicon.ico
Not Found: /static/img/logo.png
Not Found: /static/img/walk in closet.png/static/img/walk%20in%20closet.png
Not Found: /static/img/wood legacy.png/static/img/wood%20legacy.png
Not Found: /static/img/logo.png
Not Found: /static/img/walk in closet.png/static/img/walk%20in%20closet.png
Not Found: /static/img/wood legacy.png/static/img/wood%20legacy.png
Not Found: /static/img/logo.png
Not Found: /static/img/walk in closet.png/static/img/walk%20in%20closet.png
Not Found: /static/img/walk in closet.png/static/img/walk%20in%20closet.png
Not Found: /static/img/logo.png
Not Found: /static/img/logo.png
Not Found: /static/img/wood legacy.png/static/img/wood%20legacy.png
Not Found: /static/img/wood legacy.png/static/img/wood%20legacy.png
Not Found: /static/img/logo.png
Not Found: /static/img/logo.png
Not Found: /static/img/logo.png
Not Found: /static/img/walk in closet.png/static/img/walk%20in%20closet.png
Not Found: /static/img/wood legacy.png/static/img/wood%20legacy.png
Not Found: /static/img/walk in closet.png/static/img/walk%20in%20closet.png
Not Found: /static/img/wood legacy.png/static/img/wood%20legacy.png
Not Found: /static/img/logo.png
Not Found: /static/img/logo.png
Not Found: /static/img/walk in closet.png/static/img/walk%20in%20closet.png
Not Found: /static/img/wood legacy.png/static/img/wood%20legacy.png
Not Found: /static/img/walk in closet.png/static/img/walk%20in%20closet.png
Not Found: /static/img/logo.png
Not Found: /static/img/wood legacy.png/static/img/wood%20legacy.png
Not Found: /static/img/logo.png
Not Found: /static/img/walk in closet.png/static/img/walk%20in%20closet.png
Not Found: /static/img/wood legacy.png/static/img/wood%20legacy.png
Not Found: /static/img/wood legacy.png/static/img/wood%20legacy.png
Not Found: /static/img/logo.png
Not Found: /static/img/walk in closet.png/static/img/walk%20in%20closet.png
Not Found: /static/img/logo.png
Not Found: /static/img/walk in closet.png/static/img/walk%20in%20closet.png
Not Found: /static/img/wood legacy.png/static/img/wood%20legacy.png
Not Found: /static/img/logo.png
Not Found: /static/img/logo.png
Not Found: /static/img/wood legacy.png/static/img/wood%20legacy.png
Not Found: /static/img/logo.png
Not Found: /static/img/walk in closet.png/static/img/walk%20in%20closet.png
Not Found: /static/img/logo.png
Not Found: /static/img/walk in closet.png/static/img/walk%20in%20closet.png
Not Found: /static/img/walk in closet.png/static/img/walk%20in%20closet.png
Not Found: /static/img/logo.png
Not Found: /static/img/wood legacy.png/static/img/wood%20legacy.png
Not Found: /static/img/logo.png
Not Found: /static/img/walk in closet.png/static/img/walk%20in%20closet.png
Not Found: /static/img/wood legacy.png/static/img/wood%20legacy.png
Not Found: /static/img/logo.png
Not Found: /static/img/wood legacy.png/static/img/wood%20legacy.png
Not Found: /static/img/walk in closet.png/static/img/walk%20in%20closet.png
Not Found: /static/img/logo.png
Not Found: /static/img/walk in closet.png/static/img/walk%20in%20closet.png
Not Found: /static/img/logo.png
Not Found: /static/img/wood legacy.png/static/img/wood%20legacy.png
Not Found: /static/img/logo.png
Not Found: /static/img/walk in closet.png/static/img/walk%20in%20closet.png
Not Found: /static/img/wood legacy.png/static/img/wood%20legacy.png
Not Found: /static/img/logo.png
Not Found: /static/img/wood legacy.png/static/img/wood%20legacy.png
Not Found: /static/img/logo.png
Not Found: /static/img/walk in closet.png/static/img/walk%20in%20closet.png
Not Found: /static/img/logo.png
Not Found: /static/img/walk in closet.png/static/img/walk%20in%20closet.png
Not Found: /static/img/wood legacy.png/static/img/wood%20legacy.png
Not Found: /static/img/logo.png
Not Found: /static/img/logo.png
Not Found: /static/img/logo.png
Not Found: /static/img/walk in closet.png/static/img/walk%20in%20closet.png
Not Found: /static/img/wood legacy.png/static/img/wood%20legacy.png
Not Found: /static/img/walk in closet.png/static/img/walk%20in%20closet.png
Not Found: /static/img/wood legacy.png/static/img/wood%20legacy.png
Not Found: /static/img/logo.png
Not Found: /static/img/walk in closet.png/static/img/walk%20in%20closet.png
Not Found: /static/img/wood legacy.png/static/img/wood%20legacy.png
Not Found: /static/img/logo.png
Not Found: /static/img/wood legacy.png/static/img/wood%20legacy.png
Not Found: /static/img/logo.png
Not Found: /static/img/walk in closet.png/static/img/walk%20in%20closet.png
Not Found: /_ignition/execute-solution
Not Found: /static/img/logo.png
Not Found: /static/img/wood legacy.png/static/img/wood%20legacy.png
Not Found: /static/img/walk in closet.png/static/img/walk%20in%20closet.png
Not Found: /static/img/walk in closet.png/static/img/walk%20in%20closet.png
Not Found: /static/img/logo.png
Not Found: /static/img/wood legacy.png/static/img/wood%20legacy.png
Not Found: /static/img/logo.png
Not Found: /static/img/walk in closet.png/static/img/walk%20in%20closet.png
Not Found: /static/img/wood legacy.png/static/img/wood%20legacy.png
Not Found: /static/img/logo.png
Not Found: /static/img/walk in closet.png/static/img/walk%20in%20closet.png
Not Found: /static/img/wood legacy.png/static/img/wood%20legacy.png
Not Found: /static/img/logo.png
Not Found: /static/img/walk in closet.png/static/img/walk%20in%20closet.png
Not Found: /static/img/wood legacy.png/static/img/wood%20legacy.png
Not Found: /favicon.ico
Not Found: /static/img/logo.png
Not Found: /static/img/wood legacy.png/static/img/wood%20legacy.png
Not Found: /static/img/walk in closet.png/static/img/walk%20in%20closet.png
Not Found: /static/img/walk in closet.png/static/img/walk%20in%20closet.png
Not Found: /static/img/wood legacy.png/static/img/wood%20legacy.png
Not Found: /static/img/logo.png
Not Found: /favicon.ico
Not Found: /static/img/logo.png
Not Found: /static/img/walk in closet.png/static/img/walk%20in%20closet.png
Not Found: /static/img/wood legacy.png/static/img/wood%20legacy.png
Not Found: /static/img/walk in closet.png/static/img/walk%20in%20closet.png
Not Found: /static/img/logo.png
Not Found: /static/img/wood legacy.png/static/img/wood%20legacy.png
Not Found: /robots.txt
Not Found: /favicon.ico
Not Found: /static/img/logo.png
Not Found: /static/img/walk in closet.png/static/img/walk%20in%20closet.png
Not Found: /static/img/wood legacy.png/static/img/wood%20legacy.png
Not Found: /favicon.ico
Not Found: /favicon.ico
Not Found: /favicon.ico
Not Found: /robots.txt
Not Found: /wordpress/
Not Found: /static/img/logo.png
Not Found: /static/img/walk in closet.png/static/img/walk%20in%20closet.png
Not Found: /static/img/wood legacy.png/static/img/wood%20legacy.png
Not Found: /favicon.ico
Not Found: /static/img/logo.png
Not Found: /static/img/walk in closet.png/static/img/walk%20in%20closet.png
Not Found: /static/img/wood legacy.png/static/img/wood%20legacy.png
Not Found: /static/img/logo.png
Not Found: /static/img/walk in closet.png/static/img/walk%20in%20closet.png
Not Found: /static/img/wood legacy.png/static/img/wood%20legacy.png
Not Found: /favicon.ico
Not Found: /app/
Not Found: /login/
Not Found: /static/css/contact.css.map
Not Found: /static/css/style.css.map
Not Found: /static/img/logo.png
Not Found: /static/img/walk in closet.png/static/img/walk%20in%20closet.png
Not Found: /static/img/wood legacy.png/static/img/wood%20legacy.png
Not Found: /favicon.ico
Not Found: /static/img/wood legacy.png/static/img/wood%20legacy.png
Not Found: /static/img/logo.png
Not Found: /static/img/walk in closet.png/static/img/walk%20in%20closet.png
[UID:1788][2975890] Child process with pid: 2975941 was killed by signal: 15, core dumped: no
Not Found: /static/img/logo.png
Not Found: /static/img/walk in closet.png/static/img/walk%20in%20closet.png
Not Found: /static/img/wood legacy.png/static/img/wood%20legacy.png
Not Found: /favicon.ico
Not Found: /static/img/wood legacy.png/static/img/wood%20legacy.png
Not Found: /static/img/walk in closet.png/static/img/walk%20in%20closet.png
Not Found: /favicon.ico
Not Found: /static/img/walk in closet.png/static/img/walk%20in%20closet.png
Not Found: /static/img/wood legacy.png/static/img/wood%20legacy.png
Not Found: /favicon.ico
Not Found: /static/img/wood legacy.png/static/img/wood%20legacy.png
Not Found: /static/img/walk in closet.png/static/img/walk%20in%20closet.png
Not Found: /favicon.ico
Not Found: /static/img/wood legacy.png/static/img/wood%20legacy.png
Not Found: /static/img/walk in closet.png/static/img/walk%20in%20closet.png
Not Found: /favicon.ico
Not Found: /static/img/walk in closet.png/static/img/walk%20in%20closet.png
Not Found: /static/img/wood legacy.png/static/img/wood%20legacy.png
Not Found: /favicon.ico
Not Found: /static/img/walk in closet.png/static/img/walk%20in%20closet.png
Not Found: /static/img/wood legacy.png/static/img/wood%20legacy.png
Not Found: /static/img/walk in closet.png/static/img/walk%20in%20closet.png
Not Found: /static/img/wood legacy.png/static/img/wood%20legacy.png
Not Found: /favicon.ico
Not Found: /static/img/walk in closet.png/static/img/walk%20in%20closet.png
Not Found: /static/img/wood legacy.png/static/img/wood%20legacy.png
Not Found: /favicon.ico
Not Found: /static/img/walk in closet.png/static/img/walk%20in%20closet.png
Not Found: /static/img/wood legacy.png/static/img/wood%20legacy.png
Not Found: /favicon.ico
Not Found: /static/img/walk in closet.png/static/img/walk%20in%20closet.png
Not Found: /static/img/wood legacy.png/static/img/wood%20legacy.png
Not Found: /favicon.ico
Not Found: /static/img/walk in closet.png/static/img/walk%20in%20closet.png
Not Found: /static/img/wood legacy.png/static/img/wood%20legacy.png
Not Found: /favicon.ico
Not Found: /static/img/wood legacy.png/static/img/wood%20legacy.png
Not Found: /static/img/walk in closet.png/static/img/walk%20in%20closet.png
Not Found: /favicon.ico
Not Found: /static/img/wood legacy.png/static/img/wood%20legacy.png
Not Found: /static/img/walk in closet.png/static/img/walk%20in%20closet.png
Not Found: /favicon.ico
Not Found: /static/img/walk in closet.png/static/img/walk%20in%20closet.png
Not Found: /static/img/wood legacy.png/static/img/wood%20legacy.png
Not Found: /favicon.ico
Not Found: /static/img/wood legacy.png/static/img/wood%20legacy.png
Not Found: /favicon.ico
Not Found: /static/img/wood legacy.png/static/img/wood%20legacy.png
Not Found: /favicon.ico
Not Found: /favicon.ico
Not Found: /static/img/pre1.jpg
Not Found: /favicon.ico
[UID:1788][3479680] Child process with pid: 3479712 was killed by signal: 15, core dumped: no
OSError: LSAPI: File error
Not Found: /favicon.ico
Not Found: /static/img/wood legacy.png/static/img/wood%20legacy.png
Not Found: /static/img/walk in closet.png/static/img/walk%20in%20closet.png
Not Found: /favicon.ico
Not Found: /static/img/wood legacy.png/static/img/wood%20legacy.png
Not Found: /static/img/walk in closet.png/static/img/walk%20in%20closet.png
Not Found: /static/img/wood legacy.png/static/img/wood%20legacy.png
Not Found: /favicon.ico
Not Found: /static/img/walk in closet.png/static/img/walk%20in%20closet.png
Not Found: /favicon.ico
Not Found: /static/img/wood legacy.png/static/img/wood%20legacy.png
Not Found: /static/img/wood legacy.png/static/img/wood%20legacy.png
Not Found: /static/img/wood legacy.png/static/img/wood%20legacy.png
Not Found: /static/img/wood legacy.png/static/img/wood%20legacy.png
Not Found: /favicon.ico
Not Found: /favicon.ico
Not Found: /favicon.ico
Not Found: /favicon.ico
Not Found: /robots.txt
Not Found: /favicon.ico
Not Found: /favicon.ico
OSError: LSAPI: File error
[UID:1788][3821763] Child process with pid: 3821812 was killed by signal: 15, core dumped: no
[UID:1788][3821763] Child process with pid: 3822170 was killed by signal: 15, core dumped: no
[UID:1788][3821763] Child process with pid: 3822165 was killed by signal: 15, core dumped: no
Not Found: /favicon.ico
Not Found: /favicon.ico
Not Found: /robots.txt
Not Found: /favicon.ico
Not Found: /static/img/wood legacy.png/static/img/wood%20legacy.png
Not Found: /static/img/wood legacy.png/static/img/wood%20legacy.png
Not Found: /static/img/wood legacy.png/static/img/wood%20legacy.png
Not Found: /static/img/wood legacy.png/static/img/wood%20legacy.png
Not Found: /static/img/wood legacy.png/static/img/wood%20legacy.png
Not Found: /static/img/wood legacy.png/static/img/wood%20legacy.png
Not Found: /static/img/wood legacy.png/static/img/wood%20legacy.png
Not Found: /static/img/wood legacy.png/static/img/wood%20legacy.png
Not Found: /static/img/wood legacy.png/static/img/wood%20legacy.png
Not Found: /static/img/wood legacy.png/static/img/wood%20legacy.png
Not Found: /static/img/wood legacy.png/static/img/wood%20legacy.png
Not Found: /static/img/wood legacy.png/static/img/wood%20legacy.png
Not Found: /favicon.ico
Not Found: /favicon.ico
Not Found: /favicon.ico
Not Found: /favicon.ico
Not Found: /static/img/wood legacy.png/static/img/wood%20legacy.png
Not Found: /wordpress/
Not Found: /favicon.ico
Not Found: /favicon.ico
Not Found: /favicon.ico
Not Found: /favicon.ico
Not Found: /static/img/wood legacy.png/static/img/wood%20legacy.png
Not Found: /static/img/wood legacy.png/static/img/wood%20legacy.png
Not Found: /static/img/wood legacy.png/static/img/wood%20legacy.png
Not Found: /favicon.ico
Not Found: /static/img/wood legacy.png/static/img/wood%20legacy.png
Not Found: /favicon.ico
Not Found: /favicon.ico
Not Found: /static/img/wood legacy.png/static/img/wood%20legacy.png
Not Found: /static/img/wood legacy.png/static/img/wood%20legacy.png
Not Found: /favicon.ico
Not Found: /static/img/wood legacy.png/static/img/wood%20legacy.png
Not Found: /favicon.ico
Not Found: /favicon.ico
Not Found: /favicon.ico
Not Found: /favicon.ico
Not Found: /favicon.ico
Not Found: /favicon.ico
Not Found: /favicon.ico
Not Found: /favicon.ico
Not Found: /favicon.ico
Not Found: /favicon.ico
Not Found: /favicon.ico
Not Found: /favicon.ico
Not Found: /favicon.ico
Not Found: /favicon.ico
Not Found: /favicon.ico
Not Found: /static/img/wood legacy.png/static/img/wood%20legacy.png
Not Found: /static/img/wood legacy.png/static/img/wood%20legacy.png
Not Found: /favicon.ico
Not Found: /static/img/wood legacy.png/static/img/wood%20legacy.png
Not Found: /static/img/wood legacy.png/static/img/wood%20legacy.png
Not Found: /favicon.ico
Not Found: /static/img/wood legacy.png/static/img/wood%20legacy.png
Not Found: /static/img/wood legacy.png/static/img/wood%20legacy.png
Not Found: /favicon.ico
Not Found: /static/img/wood legacy.png/static/img/wood%20legacy.png
Not Found: /static/img/wood legacy.png/static/img/wood%20legacy.png
Not Found: /static/img/wood legacy.png/static/img/wood%20legacy.png
Not Found: /static/img/wood legacy.png/static/img/wood%20legacy.png
Not Found: /static/img/wood legacy.png/static/img/wood%20legacy.png
Not Found: /static/img/wood legacy.png/static/img/wood%20legacy.png
Not Found: /favicon.ico
Not Found: /static/img/wood legacy.png/static/img/wood%20legacy.png
Not Found: /favicon.ico
Not Found: /static/img/wood legacy.png/static/img/wood%20legacy.png
Not Found: /static/img/wood legacy.png/static/img/wood%20legacy.png
Not Found: /favicon.ico
Not Found: /static/img/wood legacy.png/static/img/wood%20legacy.png
Not Found: /favicon.ico
Not Found: /static/img/wood legacy.png/static/img/wood%20legacy.png
Not Found: /static/img/wood legacy.png/static/img/wood%20legacy.png
Not Found: /static/img/wood legacy.png/static/img/wood%20legacy.png
Not Found: /static/img/wood legacy.png/static/img/wood%20legacy.png
Not Found: /favicon.ico
Not Found: /static/img/wood legacy.png/static/img/wood%20legacy.png
[UID:1788][2761651] Reached max children process limit: 6, extra: 2, current: 8, busy: 7, please increase LSAPI_CHILDREN.
OSError: LSAPI: File error
OSError: LSAPI: File error
OSError: LSAPI: File error
OSError: LSAPI: File error
Not Found: /static/img/wood legacy.png/static/img/wood%20legacy.png
Not Found: /favicon.ico
Not Found: /static/img/wood legacy.png/static/img/wood%20legacy.png
Not Found: /favicon.ico
Not Found: /favicon.ico
Not Found: /favicon.ico
Not Found: /static/img/wood legacy.png/static/img/wood%20legacy.png
Not Found: /favicon.ico
Not Found: /favicon.ico
Not Found: /robots.txt
Not Found: /favicon.ico
Not Found: /favicon.ico
Not Found: /robots.txt
Not Found: /favicon.ico
Not Found: /favicon.ico
Not Found: /favicon.ico
Not Found: /favicon.ico
Not Found: /favicon.ico
Not Found: /favicon.ico
Not Found: /favicon.ico
Not Found: /favicon.ico
Not Found: /favicon.ico
Not Found: /favicon.ico
Not Found: /favicon.ico
Not Found: /favicon.ico
Not Found: /favicon.ico
Not Found: /favicon.ico
Not Found: /static/img/wood legacy.png/static/img/wood%20legacy.png
Not Found: /static/img/wood legacy.png/static/img/wood%20legacy.png
Not Found: /static/img/wood legacy.png/static/img/wood%20legacy.png
Not Found: /static/img/wood legacy.png/static/img/wood%20legacy.png
Not Found: /favicon.ico
Not Found: /favicon.ico
OSError: LSAPI: File error
Not Found: /favicon.ico
Not Found: /apple-touch-icon-precomposed.png
Not Found: /apple-touch-icon.png
Not Found: /favicon.ico
Not Found: /apple-touch-icon-120x120-precomposed.png
Not Found: /apple-touch-icon-120x120.png
Not Found: /apple-touch-icon-precomposed.png
Not Found: /apple-touch-icon.png
Not Found: /favicon.ico
Not Found: /apple-touch-icon-120x120-precomposed.png
Not Found: /apple-touch-icon-120x120.png
Not Found: /apple-touch-icon-precomposed.png
Not Found: /apple-touch-icon.png
Not Found: /favicon.ico
Not Found: /robots.txt
Not Found: /robots.txt
Not Found: /favicon.ico
Not Found: /favicon.ico
Not Found: /robots.txt
Not Found: /favicon.ico
Not Found: /favicon.ico
Not Found: /favicon.ico
Not Found: /favicon.ico
Not Found: /favicon.ico
Not Found: /favicon.ico
Not Found: /robots.txt
Not Found: /favicon.ico
Not Found: /robots.txt
Not Found: /favicon.ico
Not Found: /favicon.ico
Not Found: /favicon.ico
Not Found: /robots.txt
Not Found: /favicon.ico
Not Found: /favicon.ico
Not Found: /favicon.ico
Not Found: /favicon.ico
Not Found: /favicon.ico
Not Found: /favicon.ico
Not Found: /favicon.ico
Not Found: /favicon.ico
Not Found: /favicon.ico
Not Found: /robots.txt
Not Found: /favicon.ico
Not Found: /favicon.ico
Not Found: /robots.txt
Not Found: /apple-touch-icon-precomposed.png
Not Found: /favicon.ico
Not Found: /apple-touch-icon.png
Not Found: /favicon.ico
Not Found: /favicon.ico
Not Found: /favicon.ico
Not Found: /robots.txt
Not Found: /robots.txt
Not Found: /favicon.ico
[UID:1788][751485] Child process with pid: 751590 was killed by signal: 15, core dumped: no
Not Found: /robots.txt
Not Found: /favicon.ico
Not Found: /favicon.ico
Not Found: /apple-touch-icon.png
Not Found: /favicon.ico
Not Found: /apple-touch-icon-precomposed.png
Not Found: /robots.txt
Not Found: /sitemap.xml
Not Found: /robots.txt
Not Found: /asset-manifest.json
Not Found: /manifest.json
Not Found: /build-manifest.json
Not Found: /_next/static/buildManifest.js
Not Found: /_next/build-manifest.json
Not Found: /.next/build-manifest.json
Not Found: /build/manifest.json
Not Found: /.vite/manifest.json
Not Found: /dist/manifest.json
Not Found: /dist/.vite/manifest.json
Not Found: /_nuxt/manifest.json
Not Found: /_nuxt/builds/latest.json
Not Found: /.astro/manifest.json
Not Found: /static/manifest.json
Not Found: /assets/manifest.json
Not Found: /stats.json
Not Found: /.env.example
Not Found: /.ssh/id_rsa
Not Found: /.pypirc
Not Found: /.ssh/id_dsa
Not Found: /.env.backup
Not Found: /settings.py
Not Found: /.env.development
Not Found: /application.yml
Not Found: /config/secrets.yml
Not Found: /.ssh/id_ed25519
Not Found: /config/application.properties
Not Found: /application.properties
Not Found: /config.env
Not Found: /secrets.yml
Not Found: /.npmrc
Not Found: /.env.test
Not Found: /service-account.json
Not Found: /.docker/config.json
Not Found: /storage/logs/laravel.log
Not Found: /secrets.json
Not Found: /.aws/credentials
Not Found: /api/v1/env
Not Found: /api/config
Not Found: /settings.json
Not Found: /config.json
Not Found: /__/firebase/init.json
Not Found: /config.js
Not Found: /api/health
Not Found: /health
Not Found: /api/settings
Not Found: /env.js
Not Found: /firebase-config.json
Not Found: /api/v2/config
Not Found: /env.json
Not Found: /api/v1/settings
Not Found: /__env.js
Not Found: /swagger.json
Not Found: /.well-known/jwks.json
Not Found: /api/v1/config
Not Found: /openapi.json
Not Found: /api/openapi.json
Not Found: /api/account
Not Found: /manifest.webmanifest
Not Found: /api/env
Not Found: /app-config.json
Not Found: /api/v2/settings
Not Found: /runtime-config.js
Not Found: /favicon.ico
Not Found: /favicon.ico
Not Found: /favicon.ico
Not Found: /robots.txt
Not Found: /favicon.ico
Not Found: /apple-touch-icon-precomposed.png
Not Found: /apple-touch-icon.png
Not Found: /favicon.ico
Not Found: /favicon.ico
Not Found: /favicon.ico
Not Found: /favicon.ico
Not Found: /favicon.ico
